{
  "version": "1.5.0",
  "plugins_used": [
    {
      "name": "ArtifactoryDetector"
    },
    {
      "name": "AWSKeyDetector"
    },
    {
      "name": "AzureStorageKeyDetector"
    },
    {
      "name": "Base64HighEntropyString",
      "limit": 4.5
    },
    {
      "name": "BasicAuthDetector"
    },
    {
      "name": "CloudantDetector"
    },
    {
      "name": "DiscordBotTokenDetector"
    },
    {
      "name": "GitHubTokenDetector"
    },
    {
      "name": "GitLabTokenDetector"
    },
    {
      "name": "HexHighEntropyString",
      "limit": 3.0
    },
    {
      "name": "IbmCloudIamDetector"
    },
    {
      "name": "IbmCosHmacDetector"
    },
    {
      "name": "IPPublicDetector"
    },
    {
      "name": "JwtTokenDetector"
    },
    {
      "name": "KeywordDetector",
      "keyword_exclude": ""
    },
    {
      "name": "MailchimpDetector"
    },
    {
      "name": "NpmDetector"
    },
    {
      "name": "OpenAIDetector"
    },
    {
      "name": "PrivateKeyDetector"
    },
    {
      "name": "PypiTokenDetector"
    },
    {
      "name": "SendGridDetector"
    },
    {
      "name": "SlackDetector"
    },
    {
      "name": "SoftlayerDetector"
    },
    {
      "name": "SquareOAuthDetector"
    },
    {
      "name": "StripeDetector"
    },
    {
      "name": "TelegramBotTokenDetector"
    },
    {
      "name": "TwilioKeyDetector"
    }
  ],
  "filters_used": [
    {
      "path": "detect_secrets.filters.allowlist.is_line_allowlisted"
    },
    {
      "path": "detect_secrets.filters.common.is_baseline_file",
      "filename": ".secrets.baseline"
    },
    {
      "path": "detect_secrets.filters.common.is_ignored_due_to_verification_policies",
      "min_level": 2
    },
    {
      "path": "detect_secrets.filters.heuristic.is_indirect_reference"
    },
    {
      "path": "detect_secrets.filters.heuristic.is_likely_id_string"
    },
    {
      "path": "detect_secrets.filters.heuristic.is_lock_file"
    },
    {
      "path": "detect_secrets.filters.heuristic.is_not_alphanumeric_string"
    },
    {
      "path": "detect_secrets.filters.heuristic.is_potential_uuid"
    },
    {
      "path": "detect_secrets.filters.heuristic.is_prefixed_with_dollar_sign"
    },
    {
      "path": "detect_secrets.filters.heuristic.is_sequential_string"
    },
    {
      "path": "detect_secrets.filters.heuristic.is_swagger_file"
    },
    {
      "path": "detect_secrets.filters.heuristic.is_templated_secret"
    },
    {
      "path": "detect_secrets.filters.regex.should_exclude_file",
      "pattern": [
        "(\\.git|\\.venv|venv|__pycache__|\\.import_linter_cache|\\.pytest_cache|env|\\.mypy_cache|\\.grimp_cache|\\.ruff_cache|web_assets|node_modules)"
      ]
    }
  ],
  "results": {
    ".semgrep.yml": [
      {
        "type": "Secret Keyword",
        "filename": ".semgrep.yml",
        "hashed_secret": "6eef6648406c333a4035cd5e60d0bf2ecf2606d7",
        "is_verified": false,
        "line_number": 39
      }
    ],
    "QUICK_START.md": [
      {
        "type": "Secret Keyword",
        "filename": "QUICK_START.md",
        "hashed_secret": "9ad19750930e5cf133e024641c00daf5fc90c700",
        "is_verified": false,
        "line_number": 135
      },
      {
        "type": "Secret Keyword",
        "filename": "QUICK_START.md",
        "hashed_secret": "d1b7e1c27fc85c2bb6e5f2923451bbc76b156e72",
        "is_verified": false,
        "line_number": 136
      },
      {
        "type": "Secret Keyword",
        "filename": "QUICK_START.md",
        "hashed_secret": "89a6cfe2a229151e8055abee107d45ed087bbb4f",
        "is_verified": false,
        "line_number": 203
      }
    ],
    "adapters\\__init__.py": [
      {
        "type": "Secret Keyword",
        "filename": "adapters\\__init__.py",
        "hashed_secret": "9ad19750930e5cf133e024641c00daf5fc90c700",
        "is_verified": false,
        "line_number": 37
      },
      {
        "type": "Secret Keyword",
        "filename": "adapters\\__init__.py",
        "hashed_secret": "d1b7e1c27fc85c2bb6e5f2923451bbc76b156e72",
        "is_verified": false,
        "line_number": 38
      }
    ],
    "adapters\\alpaca\\market_data.py": [
      {
        "type": "Secret Keyword",
        "filename": "adapters\\alpaca\\market_data.py",
        "hashed_secret": "9ad19750930e5cf133e024641c00daf5fc90c700",
        "is_verified": false,
        "line_number": 54
      },
      {
        "type": "Secret Keyword",
        "filename": "adapters\\alpaca\\market_data.py",
        "hashed_secret": "d1b7e1c27fc85c2bb6e5f2923451bbc76b156e72",
        "is_verified": false,
        "line_number": 55
      }
    ],
    "adapters\\binance\\futures_order_execution.py": [
      {
        "type": "Secret Keyword",
        "filename": "adapters\\binance\\futures_order_execution.py",
        "hashed_secret": "b60d121b438a380c343d5ec3c2037564b82ffef3",
        "is_verified": false,
        "line_number": 89
      }
    ],
    "adapters\\binance\\order_execution.py": [
      {
        "type": "Secret Keyword",
        "filename": "adapters\\binance\\order_execution.py",
        "hashed_secret": "b60d121b438a380c343d5ec3c2037564b82ffef3",
        "is_verified": false,
        "line_number": 87
      }
    ],
    "adapters\\deribit\\websocket.py": [
      {
        "type": "Secret Keyword",
        "filename": "adapters\\deribit\\websocket.py",
        "hashed_secret": "0d1ba0da3e84e54f29846c93c43182eede365858",
        "is_verified": false,
        "line_number": 777
      }
    ],
    "adapters\\oanda\\exchange_info.py": [
      {
        "type": "Secret Keyword",
        "filename": "adapters\\oanda\\exchange_info.py",
        "hashed_secret": "9ad19750930e5cf133e024641c00daf5fc90c700",
        "is_verified": false,
        "line_number": 27
      }
    ],
    "adapters\\oanda\\market_data.py": [
      {
        "type": "Secret Keyword",
        "filename": "adapters\\oanda\\market_data.py",
        "hashed_secret": "9ad19750930e5cf133e024641c00daf5fc90c700",
        "is_verified": false,
        "line_number": 30
      }
    ],
    "adapters\\oanda\\order_execution.py": [
      {
        "type": "Secret Keyword",
        "filename": "adapters\\oanda\\order_execution.py",
        "hashed_secret": "9ad19750930e5cf133e024641c00daf5fc90c700",
        "is_verified": false,
        "line_number": 30
      }
    ],
    "adapters\\polygon\\market_data.py": [
      {
        "type": "Secret Keyword",
        "filename": "adapters\\polygon\\market_data.py",
        "hashed_secret": "89a6cfe2a229151e8055abee107d45ed087bbb4f",
        "is_verified": false,
        "line_number": 152
      }
    ],
    "adapters\\polygon\\options.py": [
      {
        "type": "Secret Keyword",
        "filename": "adapters\\polygon\\options.py",
        "hashed_secret": "89a6cfe2a229151e8055abee107d45ed087bbb4f",
        "is_verified": false,
        "line_number": 337
      },
      {
        "type": "Secret Keyword",
        "filename": "adapters\\polygon\\options.py",
        "hashed_secret": "9ad19750930e5cf133e024641c00daf5fc90c700",
        "is_verified": false,
        "line_number": 1115
      }
    ],
    "adapters\\registry.py": [
      {
        "type": "Secret Keyword",
        "filename": "adapters\\registry.py",
        "hashed_secret": "0d1ba0da3e84e54f29846c93c43182eede365858",
        "is_verified": false,
        "line_number": 855
      }
    ],
    "adapters\\theta_data\\options.py": [
      {
        "type": "Secret Keyword",
        "filename": "adapters\\theta_data\\options.py",
        "hashed_secret": "564e340cd48437d2dfe876ee154cc99dc4d0d137",
        "is_verified": false,
        "line_number": 287
      }
    ],
    "app.py": [
      {
        "type": "Hex High Entropy String",
        "filename": "app.py",
        "hashed_secret": "640a219c19c071616bc36e3ada3bc63fbf262058",
        "is_verified": false,
        "line_number": 3581
      },
      {
        "type": "Hex High Entropy String",
        "filename": "app.py",
        "hashed_secret": "de85064ef7886378429449b591b3346857ebf00f",
        "is_verified": false,
        "line_number": 3589
      },
      {
        "type": "Hex High Entropy String",
        "filename": "app.py",
        "hashed_secret": "8daa6c60cbe96ed08b23d8d15fb8e32eb20d7366",
        "is_verified": false,
        "line_number": 3597
      },
      {
        "type": "Hex High Entropy String",
        "filename": "app.py",
        "hashed_secret": "244f421f896bdcdd2784dccf4eaf7c8dfd5189b5",
        "is_verified": false,
        "line_number": 12155
      }
    ],
    "build_hash_report.json": [
      {
        "type": "Hex High Entropy String",
        "filename": "build_hash_report.json",
        "hashed_secret": "630f5a24a3dcf581274cb2b119d850cab29368ee",
        "is_verified": false,
        "line_number": 13
      },
      {
        "type": "Hex High Entropy String",
        "filename": "build_hash_report.json",
        "hashed_secret": "f12b2f3584f06ea7f148cc7c9074b16425d085ce",
        "is_verified": false,
        "line_number": 18
      },
      {
        "type": "Hex High Entropy String",
        "filename": "build_hash_report.json",
        "hashed_secret": "714f4574b50e913d9fe02131de49cd7b3fdf791f",
        "is_verified": false,
        "line_number": 23
      },
      {
        "type": "Hex High Entropy String",
        "filename": "build_hash_report.json",
        "hashed_secret": "aeaf41965a76b8127dcfa2cf8e14b9fdabb5a57e",
        "is_verified": false,
        "line_number": 28
      },
      {
        "type": "Hex High Entropy String",
        "filename": "build_hash_report.json",
        "hashed_secret": "dc4d739d6ffd40cefe97710cab7f773f7be9e85c",
        "is_verified": false,
        "line_number": 33
      },
      {
        "type": "Hex High Entropy String",
        "filename": "build_hash_report.json",
        "hashed_secret": "0895bd6998e7138726ddb1f95d3d9ce3973845b7",
        "is_verified": false,
        "line_number": 38
      },
      {
        "type": "Hex High Entropy String",
        "filename": "build_hash_report.json",
        "hashed_secret": "97dd5752f6d38256054272edeb6e0b2ccfebe3ae",
        "is_verified": false,
        "line_number": 43
      },
      {
        "type": "Hex High Entropy String",
        "filename": "build_hash_report.json",
        "hashed_secret": "90d020261c142ea4c55edc0f6ed0cf6f7a67a3d4",
        "is_verified": false,
        "line_number": 48
      },
      {
        "type": "Hex High Entropy String",
        "filename": "build_hash_report.json",
        "hashed_secret": "6b100fc170b15c2a6e23dda57cbf030789525aaa",
        "is_verified": false,
        "line_number": 53
      },
      {
        "type": "Hex High Entropy String",
        "filename": "build_hash_report.json",
        "hashed_secret": "acc69820d657c530816b6855d620bf5ca8922d1c",
        "is_verified": false,
        "line_number": 58
      },
      {
        "type": "Hex High Entropy String",
        "filename": "build_hash_report.json",
        "hashed_secret": "5786dcea2fc4a1061fedeacecc64a6af853dcb56",
        "is_verified": false,
        "line_number": 63
      },
      {
        "type": "Hex High Entropy String",
        "filename": "build_hash_report.json",
        "hashed_secret": "b234f11d734b084569e701e0bb9a86904b80527c",
        "is_verified": false,
        "line_number": 68
      },
      {
        "type": "Hex High Entropy String",
        "filename": "build_hash_report.json",
        "hashed_secret": "11d60f241e450ddabe8e7c114fbe2731b7c033e7",
        "is_verified": false,
        "line_number": 73
      },
      {
        "type": "Hex High Entropy String",
        "filename": "build_hash_report.json",
        "hashed_secret": "6f555f3bc8e8084c8682d0804a383b1cc70eb4c1",
        "is_verified": false,
        "line_number": 78
      },
      {
        "type": "Hex High Entropy String",
        "filename": "build_hash_report.json",
        "hashed_secret": "0971c867c4a98f34750731508ade0a884feb2ec0",
        "is_verified": false,
        "line_number": 83
      },
      {
        "type": "Hex High Entropy String",
        "filename": "build_hash_report.json",
        "hashed_secret": "5bcd7ca2cfcd6185b979ce7aa8345400605e4b09",
        "is_verified": false,
        "line_number": 88
      },
      {
        "type": "Hex High Entropy String",
        "filename": "build_hash_report.json",
        "hashed_secret": "427159b2cdaf68b204531b982d28d6a77a24594f",
        "is_verified": false,
        "line_number": 93
      }
    ],
    "ccea\\guardrails\\tests\\test_phase2_guardrails.py": [
      {
        "type": "Secret Keyword",
        "filename": "ccea\\guardrails\\tests\\test_phase2_guardrails.py",
        "hashed_secret": "e5e9fa1ba31ecd1ae84f75caaa474f3a663f05f4",
        "is_verified": false,
        "line_number": 404
      }
    ],
    "config\\dora_integration\\information_sharing.yaml": [
      {
        "type": "Secret Keyword",
        "filename": "config\\dora_integration\\information_sharing.yaml",
        "hashed_secret": "8a376a56aa36d98a53866d4b392805ac84bf6afb",
        "is_verified": false,
        "line_number": 291
      }
    ],
    "configs\\asset_class_defaults.yaml": [
      {
        "type": "Secret Keyword",
        "filename": "configs\\asset_class_defaults.yaml",
        "hashed_secret": "465c1ec43c154c4577dd471f62d66f7696863038",
        "is_verified": false,
        "line_number": 292
      },
      {
        "type": "Secret Keyword",
        "filename": "configs\\asset_class_defaults.yaml",
        "hashed_secret": "606524577e4ccef789cd771f759084fc6efedf9a",
        "is_verified": false,
        "line_number": 293
      },
      {
        "type": "Secret Keyword",
        "filename": "configs\\asset_class_defaults.yaml",
        "hashed_secret": "6055a94983d9abfbb703e0bf791764eeb121d295",
        "is_verified": false,
        "line_number": 300
      },
      {
        "type": "Secret Keyword",
        "filename": "configs\\asset_class_defaults.yaml",
        "hashed_secret": "b535a52c23172c0b3894701d2d88496a62fecc40",
        "is_verified": false,
        "line_number": 301
      },
      {
        "type": "Secret Keyword",
        "filename": "configs\\asset_class_defaults.yaml",
        "hashed_secret": "fbed204a6d9eb70181ccbaba7932dff12e5e4929",
        "is_verified": false,
        "line_number": 310
      },
      {
        "type": "Secret Keyword",
        "filename": "configs\\asset_class_defaults.yaml",
        "hashed_secret": "7b4bd76569b1db8234ca6fe69bb51a35c808f4f4",
        "is_verified": false,
        "line_number": 319
      },
      {
        "type": "Secret Keyword",
        "filename": "configs\\asset_class_defaults.yaml",
        "hashed_secret": "e45ceeced8f74ead5992f1264ccbf7cbfdc62034",
        "is_verified": false,
        "line_number": 331
      },
      {
        "type": "Secret Keyword",
        "filename": "configs\\asset_class_defaults.yaml",
        "hashed_secret": "d4a993be870502c45f41fa8346c327895593225e",
        "is_verified": false,
        "line_number": 333
      },
      {
        "type": "Secret Keyword",
        "filename": "configs\\asset_class_defaults.yaml",
        "hashed_secret": "2d038d32c936a62029aa5da9b0cc20e30a693ee3",
        "is_verified": false,
        "line_number": 339
      }
    ],
    "configs\\compliance\\mifid_compliance.yaml": [
      {
        "type": "Basic Auth Credentials",
        "filename": "configs\\compliance\\mifid_compliance.yaml",
        "hashed_secret": "9d4e1e23bd5b727046a9e3b4b7db57bd8d6ee684",
        "is_verified": false,
        "line_number": 441
      }
    ],
    "configs\\examples\\README.md": [
      {
        "type": "Secret Keyword",
        "filename": "configs\\examples\\README.md",
        "hashed_secret": "9ad19750930e5cf133e024641c00daf5fc90c700",
        "is_verified": false,
        "line_number": 53
      },
      {
        "type": "Secret Keyword",
        "filename": "configs\\examples\\README.md",
        "hashed_secret": "d1b7e1c27fc85c2bb6e5f2923451bbc76b156e72",
        "is_verified": false,
        "line_number": 54
      }
    ],
    "deploy\\helm\\ccea-cloud\\values-enterprise.yaml": [
      {
        "type": "Secret Keyword",
        "filename": "deploy\\helm\\ccea-cloud\\values-enterprise.yaml",
        "hashed_secret": "c2525dff9482c7138eb441267396a16f3bd57b93",
        "is_verified": false,
        "line_number": 99
      },
      {
        "type": "Secret Keyword",
        "filename": "deploy\\helm\\ccea-cloud\\values-enterprise.yaml",
        "hashed_secret": "9d3268fe65afb61cc07c39fc47251fffe0323505",
        "is_verified": false,
        "line_number": 103
      },
      {
        "type": "Secret Keyword",
        "filename": "deploy\\helm\\ccea-cloud\\values-enterprise.yaml",
        "hashed_secret": "98502c153b23ba3c6b033a08235b6307992bca09",
        "is_verified": false,
        "line_number": 130
      },
      {
        "type": "Secret Keyword",
        "filename": "deploy\\helm\\ccea-cloud\\values-enterprise.yaml",
        "hashed_secret": "8eebda76e7f0c9b89b12a2c639d2615fc6d0b768",
        "is_verified": false,
        "line_number": 152
      },
      {
        "type": "Secret Keyword",
        "filename": "deploy\\helm\\ccea-cloud\\values-enterprise.yaml",
        "hashed_secret": "f7ce2e0095e6685f8f2cbe58f73c98400d5f8880",
        "is_verified": false,
        "line_number": 180
      },
      {
        "type": "Secret Keyword",
        "filename": "deploy\\helm\\ccea-cloud\\values-enterprise.yaml",
        "hashed_secret": "9ff1cebc99df8e23432f382b6bf8e828d86f56bd",
        "is_verified": false,
        "line_number": 215
      }
    ],
    "deploy\\helm\\ccea-cloud\\values.yaml": [
      {
        "type": "Secret Keyword",
        "filename": "deploy\\helm\\ccea-cloud\\values.yaml",
        "hashed_secret": "c2525dff9482c7138eb441267396a16f3bd57b93",
        "is_verified": false,
        "line_number": 18
      },
      {
        "type": "Secret Keyword",
        "filename": "deploy\\helm\\ccea-cloud\\values.yaml",
        "hashed_secret": "9c83861de1244d79744ecca265e24fae94c9dc8a",
        "is_verified": false,
        "line_number": 22
      },
      {
        "type": "Secret Keyword",
        "filename": "deploy\\helm\\ccea-cloud\\values.yaml",
        "hashed_secret": "9ff1cebc99df8e23432f382b6bf8e828d86f56bd",
        "is_verified": false,
        "line_number": 142
      },
      {
        "type": "Secret Keyword",
        "filename": "deploy\\helm\\ccea-cloud\\values.yaml",
        "hashed_secret": "47fe358cd6170e083124ceb79e9f182cd2962676",
        "is_verified": false,
        "line_number": 306
      },
      {
        "type": "Secret Keyword",
        "filename": "deploy\\helm\\ccea-cloud\\values.yaml",
        "hashed_secret": "75cb4c02576c9abae38fadc84bc832f2af203f3e",
        "is_verified": false,
        "line_number": 308
      },
      {
        "type": "Secret Keyword",
        "filename": "deploy\\helm\\ccea-cloud\\values.yaml",
        "hashed_secret": "5baa61e4c9b93f3f0682250b6cf8331b7ee68fd8",
        "is_verified": false,
        "line_number": 309
      },
      {
        "type": "Secret Keyword",
        "filename": "deploy\\helm\\ccea-cloud\\values.yaml",
        "hashed_secret": "69664cf1531776c2e5f827457f038b027ba211df",
        "is_verified": false,
        "line_number": 341
      },
      {
        "type": "Secret Keyword",
        "filename": "deploy\\helm\\ccea-cloud\\values.yaml",
        "hashed_secret": "9c867de7e9af3d2e4b85ce528dee8eb768e7790c",
        "is_verified": false,
        "line_number": 538
      },
      {
        "type": "Secret Keyword",
        "filename": "deploy\\helm\\ccea-cloud\\values.yaml",
        "hashed_secret": "4c272c27d2ee7e3c40de91b6e5661647f58bc0e2",
        "is_verified": false,
        "line_number": 566
      }
    ],
    "desktop\\README.md": [
      {
        "type": "Secret Keyword",
        "filename": "desktop\\README.md",
        "hashed_secret": "0bcd81fed269c438fd9301ea2e9604a469238f84",
        "is_verified": false,
        "line_number": 155
      }
    ],
    "docs\\AUDIT_2026-09.md": [
      {
        "type": "AWS Access Key",
        "filename": "docs\\AUDIT_2026-09.md",
        "hashed_secret": "25910f981e85ca04baf359199dd0bd4a3ae738b6",
        "is_verified": false,
        "line_number": 20
      },
      {
        "type": "Secret Keyword",
        "filename": "docs\\AUDIT_2026-09.md",
        "hashed_secret": "665b1e3851eefefa3fb878654292f16597d25155",
        "is_verified": false,
        "line_number": 106
      }
    ],
    "docs\\ENTERPRISE_TECHNICAL_IMPLEMENTATION.md": [
      {
        "type": "Basic Auth Credentials",
        "filename": "docs\\ENTERPRISE_TECHNICAL_IMPLEMENTATION.md",
        "hashed_secret": "9d4e1e23bd5b727046a9e3b4b7db57bd8d6ee684",
        "is_verified": false,
        "line_number": 252
      },
      {
        "type": "Secret Keyword",
        "filename": "docs\\ENTERPRISE_TECHNICAL_IMPLEMENTATION.md",
        "hashed_secret": "85277f9af5d7d0a7a25e9fbf91c823fe2c78d5b2",
        "is_verified": false,
        "line_number": 476
      },
      {
        "type": "Secret Keyword",
        "filename": "docs\\ENTERPRISE_TECHNICAL_IMPLEMENTATION.md",
        "hashed_secret": "33fac42d6b7bca5e6333eefe4ac88c4518695e35",
        "is_verified": false,
        "line_number": 477
      },
      {
        "type": "Secret Keyword",
        "filename": "docs\\ENTERPRISE_TECHNICAL_IMPLEMENTATION.md",
        "hashed_secret": "89a6cfe2a229151e8055abee107d45ed087bbb4f",
        "is_verified": false,
        "line_number": 1142
      },
      {
        "type": "Secret Keyword",
        "filename": "docs\\ENTERPRISE_TECHNICAL_IMPLEMENTATION.md",
        "hashed_secret": "fff888918679e9c3323b54bd121fc328dae7bc60",
        "is_verified": false,
        "line_number": 1143
      }
    ],
    "docs\\OPERATIONS_RUNBOOK.md": [
      {
        "type": "Secret Keyword",
        "filename": "docs\\OPERATIONS_RUNBOOK.md",
        "hashed_secret": "9ad19750930e5cf133e024641c00daf5fc90c700",
        "is_verified": false,
        "line_number": 43
      },
      {
        "type": "Secret Keyword",
        "filename": "docs\\OPERATIONS_RUNBOOK.md",
        "hashed_secret": "d1b7e1c27fc85c2bb6e5f2923451bbc76b156e72",
        "is_verified": false,
        "line_number": 44
      }
    ],
    "docs\\STOCK_TRADING_GUIDE.md": [
      {
        "type": "Secret Keyword",
        "filename": "docs\\STOCK_TRADING_GUIDE.md",
        "hashed_secret": "89a6cfe2a229151e8055abee107d45ed087bbb4f",
        "is_verified": false,
        "line_number": 57
      },
      {
        "type": "Secret Keyword",
        "filename": "docs\\STOCK_TRADING_GUIDE.md",
        "hashed_secret": "fff888918679e9c3323b54bd121fc328dae7bc60",
        "is_verified": false,
        "line_number": 58
      }
    ],
    "docs\\agent\\LOCAL_VAULT.md": [
      {
        "type": "Secret Keyword",
        "filename": "docs\\agent\\LOCAL_VAULT.md",
        "hashed_secret": "89a6cfe2a229151e8055abee107d45ed087bbb4f",
        "is_verified": false,
        "line_number": 98
      },
      {
        "type": "Secret Keyword",
        "filename": "docs\\agent\\LOCAL_VAULT.md",
        "hashed_secret": "fff888918679e9c3323b54bd121fc328dae7bc60",
        "is_verified": false,
        "line_number": 99
      },
      {
        "type": "Hex High Entropy String",
        "filename": "docs\\agent\\LOCAL_VAULT.md",
        "hashed_secret": "90bd1b48e958257948487b90bee080ba5ed00caa",
        "is_verified": false,
        "line_number": 292
      },
      {
        "type": "Secret Keyword",
        "filename": "docs\\agent\\LOCAL_VAULT.md",
        "hashed_secret": "90bd1b48e958257948487b90bee080ba5ed00caa",
        "is_verified": false,
        "line_number": 292
      },
      {
        "type": "Secret Keyword",
        "filename": "docs\\agent\\LOCAL_VAULT.md",
        "hashed_secret": "9ad19750930e5cf133e024641c00daf5fc90c700",
        "is_verified": false,
        "line_number": 396
      },
      {
        "type": "Secret Keyword",
        "filename": "docs\\agent\\LOCAL_VAULT.md",
        "hashed_secret": "d1b7e1c27fc85c2bb6e5f2923451bbc76b156e72",
        "is_verified": false,
        "line_number": 397
      }
    ],
    "docs\\api\\archive\\README.md": [
      {
        "type": "Secret Keyword",
        "filename": "docs\\api\\archive\\README.md",
        "hashed_secret": "11fa7c37d697f30e6aee828b4426a10f83ab2380",
        "is_verified": false,
        "line_number": 149
      }
    ],
    "docs\\cloud\\CLOUD_DEPLOYMENT.md": [
      {
        "type": "Basic Auth Credentials",
        "filename": "docs\\cloud\\CLOUD_DEPLOYMENT.md",
        "hashed_secret": "9d4e1e23bd5b727046a9e3b4b7db57bd8d6ee684",
        "is_verified": false,
        "line_number": 136
      }
    ],
    "docs\\cloud\\CONTROL_PLANE_API.md": [
      {
        "type": "Secret Keyword",
        "filename": "docs\\cloud\\CONTROL_PLANE_API.md",
        "hashed_secret": "c64f423dda3602ef5e2cede27e0520cd505166bc",
        "is_verified": false,
        "line_number": 560
      },
      {
        "type": "Secret Keyword",
        "filename": "docs\\cloud\\CONTROL_PLANE_API.md",
        "hashed_secret": "89a6cfe2a229151e8055abee107d45ed087bbb4f",
        "is_verified": false,
        "line_number": 599
      }
    ],
    "docs\\compliance\\ONPREM_VPC_DEPLOYMENT_CHECKLIST.md": [
      {
        "type": "Secret Keyword",
        "filename": "docs\\compliance\\ONPREM_VPC_DEPLOYMENT_CHECKLIST.md",
        "hashed_secret": "98502c153b23ba3c6b033a08235b6307992bca09",
        "is_verified": false,
        "line_number": 231
      }
    ],
    "docs\\compliance\\PROTOCOL_CHANGE_REVIEW.md": [
      {
        "type": "Hex High Entropy String",
        "filename": "docs\\compliance\\PROTOCOL_CHANGE_REVIEW.md",
        "hashed_secret": "16a7b930da66e3f7a813e0a603cd038b251b1146",
        "is_verified": false,
        "line_number": 365
      }
    ],
    "docs\\options\\deribit_crypto.md": [
      {
        "type": "Secret Keyword",
        "filename": "docs\\options\\deribit_crypto.md",
        "hashed_secret": "0d1ba0da3e84e54f29846c93c43182eede365858",
        "is_verified": false,
        "line_number": 266
      }
    ],
    "docs\\options\\exchange_adapters.md": [
      {
        "type": "Secret Keyword",
        "filename": "docs\\options\\exchange_adapters.md",
        "hashed_secret": "83dd7c2f54c5d6aa502d7469bd622e0ed509f533",
        "is_verified": false,
        "line_number": 357
      },
      {
        "type": "Secret Keyword",
        "filename": "docs\\options\\exchange_adapters.md",
        "hashed_secret": "8b53c2e6dd09429c681fdbe2694fce6a2f11e1ce",
        "is_verified": false,
        "line_number": 463
      }
    ],
    "docs\\plans\\SOFTWARE_PROVIDER_COMPLIANCE_PLAN.md": [
      {
        "type": "Secret Keyword",
        "filename": "docs\\plans\\SOFTWARE_PROVIDER_COMPLIANCE_PLAN.md",
        "hashed_secret": "9a27c7894480cedaa14443166fb91bf36b025bd5",
        "is_verified": false,
        "line_number": 209
      },
      {
        "type": "Secret Keyword",
        "filename": "docs\\plans\\SOFTWARE_PROVIDER_COMPLIANCE_PLAN.md",
        "hashed_secret": "ba65a3cbbff7d41b103091743249e9646771d451",
        "is_verified": false,
        "line_number": 210
      }
    ],
    "docs\\reference\\PRO_MODE_DESIGN_DOCUMENT.md": [
      {
        "type": "Secret Keyword",
        "filename": "docs\\reference\\PRO_MODE_DESIGN_DOCUMENT.md",
        "hashed_secret": "15ef943c47d4fa4d84dcba4116172677a1eec741",
        "is_verified": false,
        "line_number": 1597
      }
    ],
    "index.html": [
      {
        "type": "Hex High Entropy String",
        "filename": "index.html",
        "hashed_secret": "244f421f896bdcdd2784dccf4eaf7c8dfd5189b5",
        "is_verified": false,
        "line_number": 9325
      },
      {
        "type": "AWS Access Key",
        "filename": "index.html",
        "hashed_secret": "25910f981e85ca04baf359199dd0bd4a3ae738b6",
        "is_verified": false,
        "line_number": 9526
      }
    ],
    "packages\\agent\\broker\\adapters\\alpaca.py": [
      {
        "type": "Secret Keyword",
        "filename": "packages\\agent\\broker\\adapters\\alpaca.py",
        "hashed_secret": "9ad19750930e5cf133e024641c00daf5fc90c700",
        "is_verified": false,
        "line_number": 57
      },
      {
        "type": "Secret Keyword",
        "filename": "packages\\agent\\broker\\adapters\\alpaca.py",
        "hashed_secret": "d1b7e1c27fc85c2bb6e5f2923451bbc76b156e72",
        "is_verified": false,
        "line_number": 58
      }
    ],
    "packages\\agent\\broker\\adapters\\binance.py": [
      {
        "type": "Secret Keyword",
        "filename": "packages\\agent\\broker\\adapters\\binance.py",
        "hashed_secret": "9ad19750930e5cf133e024641c00daf5fc90c700",
        "is_verified": false,
        "line_number": 66
      },
      {
        "type": "Secret Keyword",
        "filename": "packages\\agent\\broker\\adapters\\binance.py",
        "hashed_secret": "d1b7e1c27fc85c2bb6e5f2923451bbc76b156e72",
        "is_verified": false,
        "line_number": 67
      }
    ],
    "packages\\agent\\telemetry\\exporter.py": [
      {
        "type": "Secret Keyword",
        "filename": "packages\\agent\\telemetry\\exporter.py",
        "hashed_secret": "354b3a4b7715d3694c88a4fa7db49e41de86568e",
        "is_verified": false,
        "line_number": 218
      }
    ],
    "packages\\agent\\vault\\credential_manager.py": [
      {
        "type": "Secret Keyword",
        "filename": "packages\\agent\\vault\\credential_manager.py",
        "hashed_secret": "665b1e3851eefefa3fb878654292f16597d25155",
        "is_verified": false,
        "line_number": 20
      },
      {
        "type": "Secret Keyword",
        "filename": "packages\\agent\\vault\\credential_manager.py",
        "hashed_secret": "478274e7b5bddd2557bdb8e509595598928731f9",
        "is_verified": false,
        "line_number": 21
      },
      {
        "type": "Secret Keyword",
        "filename": "packages\\agent\\vault\\credential_manager.py",
        "hashed_secret": "26eae588d0859648be8edcf9cd2cf19bbdfacd43",
        "is_verified": false,
        "line_number": 26
      }
    ],
    "packages\\cloud\\control_plane\\database.py": [
      {
        "type": "Basic Auth Credentials",
        "filename": "packages\\cloud\\control_plane\\database.py",
        "hashed_secret": "9d4e1e23bd5b727046a9e3b4b7db57bd8d6ee684",
        "is_verified": false,
        "line_number": 41
      },
      {
        "type": "Basic Auth Credentials",
        "filename": "packages\\cloud\\control_plane\\database.py",
        "hashed_secret": "afc848c316af1a89d49826c5ae9d00ed769415f3",
        "is_verified": false,
        "line_number": 47
      }
    ],
    "packages\\cloud\\control_plane\\dependencies.py": [
      {
        "type": "Secret Keyword",
        "filename": "packages\\cloud\\control_plane\\dependencies.py",
        "hashed_secret": "968c06f748d5e67634d99ad0b212e4e8c3b8ccd9",
        "is_verified": false,
        "line_number": 40
      }
    ],
    "packages\\cloud\\control_plane\\routers\\agent_blobs.py": [
      {
        "type": "Secret Keyword",
        "filename": "packages\\cloud\\control_plane\\routers\\agent_blobs.py",
        "hashed_secret": "186d3c9d8031dd411a39a631edbaf53097a08411",
        "is_verified": false,
        "line_number": 62
      }
    ],
    "packages\\cloud\\control_plane\\security\\dlp_scanner.py": [
      {
        "type": "Secret Keyword",
        "filename": "packages\\cloud\\control_plane\\security\\dlp_scanner.py",
        "hashed_secret": "665b1e3851eefefa3fb878654292f16597d25155",
        "is_verified": false,
        "line_number": 35
      },
      {
        "type": "Secret Keyword",
        "filename": "packages\\cloud\\control_plane\\security\\dlp_scanner.py",
        "hashed_secret": "478274e7b5bddd2557bdb8e509595598928731f9",
        "is_verified": false,
        "line_number": 36
      },
      {
        "type": "Secret Keyword",
        "filename": "packages\\cloud\\control_plane\\security\\dlp_scanner.py",
        "hashed_secret": "26eae588d0859648be8edcf9cd2cf19bbdfacd43",
        "is_verified": false,
        "line_number": 37
      },
      {
        "type": "Secret Keyword",
        "filename": "packages\\cloud\\control_plane\\security\\dlp_scanner.py",
        "hashed_secret": "5baa61e4c9b93f3f0682250b6cf8331b7ee68fd8",
        "is_verified": false,
        "line_number": 38
      },
      {
        "type": "Secret Keyword",
        "filename": "packages\\cloud\\control_plane\\security\\dlp_scanner.py",
        "hashed_secret": "76250810404b5ed0dd9b193bda7278d7f166a664",
        "is_verified": false,
        "line_number": 45
      },
      {
        "type": "Secret Keyword",
        "filename": "packages\\cloud\\control_plane\\security\\dlp_scanner.py",
        "hashed_secret": "c2d5177df2e8161f398a099222ce551d0594cd34",
        "is_verified": false,
        "line_number": 46
      },
      {
        "type": "Secret Keyword",
        "filename": "packages\\cloud\\control_plane\\security\\dlp_scanner.py",
        "hashed_secret": "4214defab0d036078cc25ea4f7dcacdb418583d5",
        "is_verified": false,
        "line_number": 49
      }
    ],
    "packages\\cloud\\control_plane\\security\\password_policy.py": [
      {
        "type": "Secret Keyword",
        "filename": "packages\\cloud\\control_plane\\security\\password_policy.py",
        "hashed_secret": "8835a1d89ed10c827ac3994c88bfa3153a8b1387",
        "is_verified": false,
        "line_number": 155
      },
      {
        "type": "Secret Keyword",
        "filename": "packages\\cloud\\control_plane\\security\\password_policy.py",
        "hashed_secret": "e8d5a091fd352ddf59270b6211703def7ca6e90b",
        "is_verified": false,
        "line_number": 160
      }
    ],
    "packages\\cloud\\control_plane\\services\\command_signer.py": [
      {
        "type": "Secret Keyword",
        "filename": "packages\\cloud\\control_plane\\services\\command_signer.py",
        "hashed_secret": "fa28d78582653d01beedbd456e33f6d4c7f06a64",
        "is_verified": false,
        "line_number": 48
      },
      {
        "type": "Secret Keyword",
        "filename": "packages\\cloud\\control_plane\\services\\command_signer.py",
        "hashed_secret": "19605f919bc7ba5caf61743ff65eb13ddf005be5",
        "is_verified": false,
        "line_number": 49
      }
    ],
    "packages\\cloud\\control_plane\\tests\\conftest.py": [
      {
        "type": "Secret Keyword",
        "filename": "packages\\cloud\\control_plane\\tests\\conftest.py",
        "hashed_secret": "6731834487e9dd32ec3df63994d996da1133dbb9",
        "is_verified": false,
        "line_number": 35
      },
      {
        "type": "Secret Keyword",
        "filename": "packages\\cloud\\control_plane\\tests\\conftest.py",
        "hashed_secret": "c15aef4390301f1d950f8c53008d0d79bc2e44e5",
        "is_verified": false,
        "line_number": 340
      },
      {
        "type": "Hex High Entropy String",
        "filename": "packages\\cloud\\control_plane\\tests\\conftest.py",
        "hashed_secret": "90bd1b48e958257948487b90bee080ba5ed00caa",
        "is_verified": false,
        "line_number": 407
      },
      {
        "type": "Secret Keyword",
        "filename": "packages\\cloud\\control_plane\\tests\\conftest.py",
        "hashed_secret": "6318553899daae2941718c02508aeee938af1a1c",
        "is_verified": false,
        "line_number": 713
      }
    ],
    "packages\\cloud\\control_plane\\tests\\test_agent_blobs.py": [
      {
        "type": "Secret Keyword",
        "filename": "packages\\cloud\\control_plane\\tests\\test_agent_blobs.py",
        "hashed_secret": "a17c9aaa61e80a1bf71d0d850af4e5baa9800bbd",
        "is_verified": false,
        "line_number": 463
      }
    ],
    "packages\\cloud\\control_plane\\tests\\test_auth.py": [
      {
        "type": "Secret Keyword",
        "filename": "packages\\cloud\\control_plane\\tests\\test_auth.py",
        "hashed_secret": "c18006fc138809314751cd1991f1e0b820fabd37",
        "is_verified": false,
        "line_number": 51
      },
      {
        "type": "Secret Keyword",
        "filename": "packages\\cloud\\control_plane\\tests\\test_auth.py",
        "hashed_secret": "d8bba58683e577cdd462e2cd1207808e1b01b3cb",
        "is_verified": false,
        "line_number": 82
      },
      {
        "type": "Secret Keyword",
        "filename": "packages\\cloud\\control_plane\\tests\\test_auth.py",
        "hashed_secret": "d8ecf7db8fc9ec9c31bc5c9ae2929cc599c75f8d",
        "is_verified": false,
        "line_number": 110
      },
      {
        "type": "Secret Keyword",
        "filename": "packages\\cloud\\control_plane\\tests\\test_auth.py",
        "hashed_secret": "cbfdac6008f9cab4083784cbd1874f76618d2a97",
        "is_verified": false,
        "line_number": 139
      },
      {
        "type": "Secret Keyword",
        "filename": "packages\\cloud\\control_plane\\tests\\test_auth.py",
        "hashed_secret": "b57fa0798cf182195d00866158f0f022ad324741",
        "is_verified": false,
        "line_number": 694
      }
    ],
    "packages\\cloud\\control_plane\\tests\\test_deployments.py": [
      {
        "type": "Hex High Entropy String",
        "filename": "packages\\cloud\\control_plane\\tests\\test_deployments.py",
        "hashed_secret": "90bd1b48e958257948487b90bee080ba5ed00caa",
        "is_verified": false,
        "line_number": 62
      }
    ],
    "packages\\cloud\\control_plane\\tests\\test_phase2_governance.py": [
      {
        "type": "Hex High Entropy String",
        "filename": "packages\\cloud\\control_plane\\tests\\test_phase2_governance.py",
        "hashed_secret": "6740d1ecb48c5c9ca3b2a3cb1ca2f4b4d4487473",
        "is_verified": false,
        "line_number": 604
      },
      {
        "type": "Secret Keyword",
        "filename": "packages\\cloud\\control_plane\\tests\\test_phase2_governance.py",
        "hashed_secret": "6740d1ecb48c5c9ca3b2a3cb1ca2f4b4d4487473",
        "is_verified": false,
        "line_number": 604
      }
    ],
    "packages\\cloud\\control_plane\\tests\\test_security_fail_closed.py": [
      {
        "type": "Secret Keyword",
        "filename": "packages\\cloud\\control_plane\\tests\\test_security_fail_closed.py",
        "hashed_secret": "f78190abe6e1c19cdb49b605e95f05597b35bfb6",
        "is_verified": false,
        "line_number": 107
      }
    ],
    "packages\\cloud\\control_plane\\tests\\test_users.py": [
      {
        "type": "Secret Keyword",
        "filename": "packages\\cloud\\control_plane\\tests\\test_users.py",
        "hashed_secret": "d3c64615a3786c3a484bfb597b1321ec0d4b3971",
        "is_verified": false,
        "line_number": 199
      },
      {
        "type": "Secret Keyword",
        "filename": "packages\\cloud\\control_plane\\tests\\test_users.py",
        "hashed_secret": "a0f4ea7d91495df92bbac2e2149dfb850fe81396",
        "is_verified": false,
        "line_number": 495
      },
      {
        "type": "Secret Keyword",
        "filename": "packages\\cloud\\control_plane\\tests\\test_users.py",
        "hashed_secret": "50e2d9707e9c4095b908e30817937fa2fa11d5f7",
        "is_verified": false,
        "line_number": 904
      }
    ],
    "packages\\cloud\\control_plane\\tracing\\tests\\test_tracing.py": [
      {
        "type": "Secret Keyword",
        "filename": "packages\\cloud\\control_plane\\tracing\\tests\\test_tracing.py",
        "hashed_secret": "f2b14f68eb995facb3a1c35287b778d5bd785511",
        "is_verified": false,
        "line_number": 145
      },
      {
        "type": "Secret Keyword",
        "filename": "packages\\cloud\\control_plane\\tracing\\tests\\test_tracing.py",
        "hashed_secret": "6367c48dd193d56ea7b0baad25b19455e529f5ee",
        "is_verified": false,
        "line_number": 146
      }
    ],
    "packages\\cloud\\governance\\evidence_pack.py": [
      {
        "type": "Secret Keyword",
        "filename": "packages\\cloud\\governance\\evidence_pack.py",
        "hashed_secret": "9d3928b4f7cfc2e6baee8dea71b3c4a4c9766e5e",
        "is_verified": false,
        "line_number": 49
      }
    ],
    "packages\\cloud\\governance\\residency_drift.py": [
      {
        "type": "Secret Keyword",
        "filename": "packages\\cloud\\governance\\residency_drift.py",
        "hashed_secret": "d7e1d7f298fb421d85208008aafd0e2f953c9a46",
        "is_verified": false,
        "line_number": 215
      }
    ],
    "packages\\cloud\\governance\\security_baseline.py": [
      {
        "type": "Secret Keyword",
        "filename": "packages\\cloud\\governance\\security_baseline.py",
        "hashed_secret": "665b1e3851eefefa3fb878654292f16597d25155",
        "is_verified": false,
        "line_number": 98
      },
      {
        "type": "Secret Keyword",
        "filename": "packages\\cloud\\governance\\security_baseline.py",
        "hashed_secret": "76250810404b5ed0dd9b193bda7278d7f166a664",
        "is_verified": false,
        "line_number": 104
      },
      {
        "type": "Secret Keyword",
        "filename": "packages\\cloud\\governance\\security_baseline.py",
        "hashed_secret": "7908287c392e8c51b7e27c5e61ed3c257ad70a7f",
        "is_verified": false,
        "line_number": 121
      },
      {
        "type": "Secret Keyword",
        "filename": "packages\\cloud\\governance\\security_baseline.py",
        "hashed_secret": "f080cddea2ef704530a9b251f2bf582c6303ef91",
        "is_verified": false,
        "line_number": 122
      },
      {
        "type": "Secret Keyword",
        "filename": "packages\\cloud\\governance\\security_baseline.py",
        "hashed_secret": "2d9dc97708c661f49480e5c5d19c97f77edfc95d",
        "is_verified": false,
        "line_number": 124
      },
      {
        "type": "Secret Keyword",
        "filename": "packages\\cloud\\governance\\security_baseline.py",
        "hashed_secret": "7f61a7a9f549bd56880b34af81f66d107e335a33",
        "is_verified": false,
        "line_number": 138
      },
      {
        "type": "Secret Keyword",
        "filename": "packages\\cloud\\governance\\security_baseline.py",
        "hashed_secret": "a36f7e28b971bdcf14cfe11ce7bd28253d93a324",
        "is_verified": false,
        "line_number": 139
      },
      {
        "type": "Secret Keyword",
        "filename": "packages\\cloud\\governance\\security_baseline.py",
        "hashed_secret": "83a66a1aa4a577aa8c1763fe36e69bd22c6ff5c5",
        "is_verified": false,
        "line_number": 140
      },
      {
        "type": "Secret Keyword",
        "filename": "packages\\cloud\\governance\\security_baseline.py",
        "hashed_secret": "3cfb1b6531e3f0bb165491dcb57009cd1b82fd22",
        "is_verified": false,
        "line_number": 141
      },
      {
        "type": "Secret Keyword",
        "filename": "packages\\cloud\\governance\\security_baseline.py",
        "hashed_secret": "78b05fb298c879ff93bbeefdcacc7842e02901aa",
        "is_verified": false,
        "line_number": 142
      }
    ],
    "packages\\cloud\\governance\\tests\\test_telemetry_contract.py": [
      {
        "type": "Secret Keyword",
        "filename": "packages\\cloud\\governance\\tests\\test_telemetry_contract.py",
        "hashed_secret": "159920628cb789601a3ef7859918baa2e9ea7d15",
        "is_verified": false,
        "line_number": 421
      },
      {
        "type": "Secret Keyword",
        "filename": "packages\\cloud\\governance\\tests\\test_telemetry_contract.py",
        "hashed_secret": "f2b14f68eb995facb3a1c35287b778d5bd785511",
        "is_verified": false,
        "line_number": 441
      },
      {
        "type": "Base64 High Entropy String",
        "filename": "packages\\cloud\\governance\\tests\\test_telemetry_contract.py",
        "hashed_secret": "edd2e7ac4f61d0c606e80a0919d727540842a307",
        "is_verified": false,
        "line_number": 460
      }
    ],
    "packages\\shared\\utils\\hashing.py": [
      {
        "type": "Hex High Entropy String",
        "filename": "packages\\shared\\utils\\hashing.py",
        "hashed_secret": "ee662f2bc691daa48d074542722d8e1b0587673c",
        "is_verified": false,
        "line_number": 35
      },
      {
        "type": "Hex High Entropy String",
        "filename": "packages\\shared\\utils\\hashing.py",
        "hashed_secret": "4407feb60791146d46c69516023e3146e4fdad3f",
        "is_verified": false,
        "line_number": 105
      }
    ],
    "services\\archive\\dora_financial_entity\\protection.py": [
      {
        "type": "Secret Keyword",
        "filename": "services\\archive\\dora_financial_entity\\protection.py",
        "hashed_secret": "5baa61e4c9b93f3f0682250b6cf8331b7ee68fd8",
        "is_verified": false,
        "line_number": 73
      },
      {
        "type": "Secret Keyword",
        "filename": "services\\archive\\dora_financial_entity\\protection.py",
        "hashed_secret": "f019571b10be8cf5c4cf3a8f31ccbeed5fb13701",
        "is_verified": false,
        "line_number": 115
      }
    ],
    "services\\core\\security_gates.py": [
      {
        "type": "Secret Keyword",
        "filename": "services\\core\\security_gates.py",
        "hashed_secret": "2ac74b6f9a6c3579ad90b570db42f14a3ea34a4d",
        "is_verified": false,
        "line_number": 38
      }
    ],
    "services\\instrument_master.py": [
      {
        "type": "Base64 High Entropy String",
        "filename": "services\\instrument_master.py",
        "hashed_secret": "52a9413a04041bf024476d61e6ce08428d6e46b8",
        "is_verified": false,
        "line_number": 127
      },
      {
        "type": "Hex High Entropy String",
        "filename": "services\\instrument_master.py",
        "hashed_secret": "52718ccc7d8b013ae93cbc728803e1cf2d3448ca",
        "is_verified": false,
        "line_number": 483
      }
    ],
    "services\\secure_logging.py": [
      {
        "type": "Hex High Entropy String",
        "filename": "services\\secure_logging.py",
        "hashed_secret": "90bd1b48e958257948487b90bee080ba5ed00caa",
        "is_verified": false,
        "line_number": 115
      },
      {
        "type": "Secret Keyword",
        "filename": "services\\secure_logging.py",
        "hashed_secret": "f2b14f68eb995facb3a1c35287b778d5bd785511",
        "is_verified": false,
        "line_number": 194
      }
    ],
    "services\\security\\credential_vault.py": [
      {
        "type": "Secret Keyword",
        "filename": "services\\security\\credential_vault.py",
        "hashed_secret": "9a27c7894480cedaa14443166fb91bf36b025bd5",
        "is_verified": false,
        "line_number": 49
      },
      {
        "type": "Secret Keyword",
        "filename": "services\\security\\credential_vault.py",
        "hashed_secret": "ba65a3cbbff7d41b103091743249e9646771d451",
        "is_verified": false,
        "line_number": 50
      }
    ],
    "state\\artifact_ed25519.key": [
      {
        "type": "Private Key",
        "filename": "state\\artifact_ed25519.key",
        "hashed_secret": "1348b145fa1a555461c1b790a2f66614781091e9",
        "is_verified": false,
        "line_number": 1
      }
    ],
    "state\\compliance\\audit_backup\\export_146ef037-2b91-4dec-880d-86cc72492591_1788751434.jsonl": [
      {
        "type": "Hex High Entropy String",
        "filename": "state\\compliance\\audit_backup\\export_146ef037-2b91-4dec-880d-86cc72492591_1788751434.jsonl",
        "hashed_secret": "b849ccc4dc29ac3572cb85f476fe76e21f41a48d",
        "is_verified": false,
        "line_number": 1
      },
      {
        "type": "Hex High Entropy String",
        "filename": "state\\compliance\\audit_backup\\export_146ef037-2b91-4dec-880d-86cc72492591_1788751434.jsonl",
        "hashed_secret": "831ae05590971803b66d917c6b933d3bbdcb877c",
        "is_verified": false,
        "line_number": 2
      },
      {
        "type": "Hex High Entropy String",
        "filename": "state\\compliance\\audit_backup\\export_146ef037-2b91-4dec-880d-86cc72492591_1788751434.jsonl",
        "hashed_secret": "8b5ae165c40d59757fa58903da233dfd64320cbe",
        "is_verified": false,
        "line_number": 3
      },
      {
        "type": "Hex High Entropy String",
        "filename": "state\\compliance\\audit_backup\\export_146ef037-2b91-4dec-880d-86cc72492591_1788751434.jsonl",
        "hashed_secret": "e246350ab597df8ef982bdb98f3f4763f11c4bef",
        "is_verified": false,
        "line_number": 4
      },
      {
        "type": "Hex High Entropy String",
        "filename": "state\\compliance\\audit_backup\\export_146ef037-2b91-4dec-880d-86cc72492591_1788751434.jsonl",
        "hashed_secret": "6b0fda8d8be240b07dcc46a974348bec10a63f67",
        "is_verified": false,
        "line_number": 5
      }
    ],
    "state\\compliance\\audit_backup\\export_d8a47aed-a477-4c72-853c-d1d0ca52ece0_1788753727.jsonl": [
      {
        "type": "Hex High Entropy String",
        "filename": "state\\compliance\\audit_backup\\export_d8a47aed-a477-4c72-853c-d1d0ca52ece0_1788753727.jsonl",
        "hashed_secret": "ccbf05f83175784d351f60c75ba6ba3e5f3ee4ce",
        "is_verified": false,
        "line_number": 1
      },
      {
        "type": "Hex High Entropy String",
        "filename": "state\\compliance\\audit_backup\\export_d8a47aed-a477-4c72-853c-d1d0ca52ece0_1788753727.jsonl",
        "hashed_secret": "ca5bc1079e6cd183953e7269f3d69283d82307e0",
        "is_verified": false,
        "line_number": 2
      },
      {
        "type": "Hex High Entropy String",
        "filename": "state\\compliance\\audit_backup\\export_d8a47aed-a477-4c72-853c-d1d0ca52ece0_1788753727.jsonl",
        "hashed_secret": "42b81c902453332c8edc04e3748bab90f762bde9",
        "is_verified": false,
        "line_number": 3
      },
      {
        "type": "Hex High Entropy String",
        "filename": "state\\compliance\\audit_backup\\export_d8a47aed-a477-4c72-853c-d1d0ca52ece0_1788753727.jsonl",
        "hashed_secret": "3dd4f523fd0e9fc921ccef999f1d5785f9acc959",
        "is_verified": false,
        "line_number": 4
      },
      {
        "type": "Hex High Entropy String",
        "filename": "state\\compliance\\audit_backup\\export_d8a47aed-a477-4c72-853c-d1d0ca52ece0_1788753727.jsonl",
        "hashed_secret": "3d7a0e3824ff1a975d85ac0416b85901855d6131",
        "is_verified": false,
        "line_number": 5
      }
    ],
    "state\\compliance\\audit_backup\\export_f1962cf0-f4a1-4071-a7cd-3dee6ee366b8_1788757013.jsonl": [
      {
        "type": "Hex High Entropy String",
        "filename": "state\\compliance\\audit_backup\\export_f1962cf0-f4a1-4071-a7cd-3dee6ee366b8_1788757013.jsonl",
        "hashed_secret": "9009b8091a46c62ab64cae0e46cdedb9601ee048",
        "is_verified": false,
        "line_number": 1
      },
      {
        "type": "Hex High Entropy String",
        "filename": "state\\compliance\\audit_backup\\export_f1962cf0-f4a1-4071-a7cd-3dee6ee366b8_1788757013.jsonl",
        "hashed_secret": "7504af0c5661a440ab73134dbf57f51244f78ce4",
        "is_verified": false,
        "line_number": 2
      },
      {
        "type": "Hex High Entropy String",
        "filename": "state\\compliance\\audit_backup\\export_f1962cf0-f4a1-4071-a7cd-3dee6ee366b8_1788757013.jsonl",
        "hashed_secret": "f856816f1231dbabce7081cc2fb5715d3af13eca",
        "is_verified": false,
        "line_number": 3
      },
      {
        "type": "Hex High Entropy String",
        "filename": "state\\compliance\\audit_backup\\export_f1962cf0-f4a1-4071-a7cd-3dee6ee366b8_1788757013.jsonl",
        "hashed_secret": "5b5f94c37b3d180d9e7d20b61a0a480df8715662",
        "is_verified": false,
        "line_number": 4
      },
      {
        "type": "Hex High Entropy String",
        "filename": "state\\compliance\\audit_backup\\export_f1962cf0-f4a1-4071-a7cd-3dee6ee366b8_1788757013.jsonl",
        "hashed_secret": "f0f723bd05d26ab3cb9b624e3fbb0fef2fedb721",
        "is_verified": false,
        "line_number": 5
      }
    ],
    "tests\\algo_integration\\test_execution_quality_report.py": [
      {
        "type": "Hex High Entropy String",
        "filename": "tests\\algo_integration\\test_execution_quality_report.py",
        "hashed_secret": "90bd1b48e958257948487b90bee080ba5ed00caa",
        "is_verified": false,
        "line_number": 144
      }
    ],
    "tests\\ccea\\guardrails\\test_design_doc_check.py": [
      {
        "type": "Hex High Entropy String",
        "filename": "tests\\ccea\\guardrails\\test_design_doc_check.py",
        "hashed_secret": "d3e5fd7b26b517be318e1824351af9e495942a59",
        "is_verified": false,
        "line_number": 86
      }
    ],
    "tests\\ccea\\phase10\\test_cloud_sandbox.py": [
      {
        "type": "Secret Keyword",
        "filename": "tests\\ccea\\phase10\\test_cloud_sandbox.py",
        "hashed_secret": "c591392b0d82d0b5a7ac16b9e1b1e1c4ec295c86",
        "is_verified": false,
        "line_number": 403
      }
    ],
    "tests\\ccea\\phase1\\test_dependencies.py": [
      {
        "type": "Secret Keyword",
        "filename": "tests\\ccea\\phase1\\test_dependencies.py",
        "hashed_secret": "72cb70dbbafe97e5ea13ad88acd65d08389439b0",
        "is_verified": false,
        "line_number": 164
      },
      {
        "type": "Secret Keyword",
        "filename": "tests\\ccea\\phase1\\test_dependencies.py",
        "hashed_secret": "f13733f6dd9f1ed3118e2da31428c71eab5ffd99",
        "is_verified": false,
        "line_number": 203
      },
      {
        "type": "Basic Auth Credentials",
        "filename": "tests\\ccea\\phase1\\test_dependencies.py",
        "hashed_secret": "9d4e1e23bd5b727046a9e3b4b7db57bd8d6ee684",
        "is_verified": false,
        "line_number": 270
      },
      {
        "type": "Private Key",
        "filename": "tests\\ccea\\phase1\\test_dependencies.py",
        "hashed_secret": "1348b145fa1a555461c1b790a2f66614781091e9",
        "is_verified": false,
        "line_number": 330
      },
      {
        "type": "Secret Keyword",
        "filename": "tests\\ccea\\phase1\\test_dependencies.py",
        "hashed_secret": "bd33830043487aed705b9aff291a77d69f27adb3",
        "is_verified": false,
        "line_number": 391
      },
      {
        "type": "Secret Keyword",
        "filename": "tests\\ccea\\phase1\\test_dependencies.py",
        "hashed_secret": "7ec9728939b62450ceef0e91d5ad7596240e532c",
        "is_verified": false,
        "line_number": 392
      },
      {
        "type": "Secret Keyword",
        "filename": "tests\\ccea\\phase1\\test_dependencies.py",
        "hashed_secret": "b4467c5fdde38b4df0782955ec7ffecd2c103c6c",
        "is_verified": false,
        "line_number": 601
      },
      {
        "type": "Secret Keyword",
        "filename": "tests\\ccea\\phase1\\test_dependencies.py",
        "hashed_secret": "1f364067fa8901ab145c7e6ff68508c24c76bcb6",
        "is_verified": false,
        "line_number": 611
      }
    ],
    "tests\\ccea\\phase4\\test_artifact_guardrails.py": [
      {
        "type": "AWS Access Key",
        "filename": "tests\\ccea\\phase4\\test_artifact_guardrails.py",
        "hashed_secret": "25910f981e85ca04baf359199dd0bd4a3ae738b6",
        "is_verified": false,
        "line_number": 310
      },
      {
        "type": "Secret Keyword",
        "filename": "tests\\ccea\\phase4\\test_artifact_guardrails.py",
        "hashed_secret": "25910f981e85ca04baf359199dd0bd4a3ae738b6",
        "is_verified": false,
        "line_number": 310
      },
      {
        "type": "Secret Keyword",
        "filename": "tests\\ccea\\phase4\\test_artifact_guardrails.py",
        "hashed_secret": "cbba2ca91d1b5e293a70d99700caa9d6045a2752",
        "is_verified": false,
        "line_number": 311
      }
    ],
    "tests\\ccea\\phase4\\test_cloud_client.py": [
      {
        "type": "Private Key",
        "filename": "tests\\ccea\\phase4\\test_cloud_client.py",
        "hashed_secret": "1348b145fa1a555461c1b790a2f66614781091e9",
        "is_verified": false,
        "line_number": 45
      }
    ],
    "tests\\ccea\\phase4\\test_kill_switch.py": [
      {
        "type": "Secret Keyword",
        "filename": "tests\\ccea\\phase4\\test_kill_switch.py",
        "hashed_secret": "f2b14f68eb995facb3a1c35287b778d5bd785511",
        "is_verified": false,
        "line_number": 95
      },
      {
        "type": "Secret Keyword",
        "filename": "tests\\ccea\\phase4\\test_kill_switch.py",
        "hashed_secret": "ab2bf873e7a77f787d5c8b53d196c659cd146497",
        "is_verified": false,
        "line_number": 96
      }
    ],
    "tests\\ccea\\phase4\\test_telemetry_buffer.py": [
      {
        "type": "Secret Keyword",
        "filename": "tests\\ccea\\phase4\\test_telemetry_buffer.py",
        "hashed_secret": "f2b14f68eb995facb3a1c35287b778d5bd785511",
        "is_verified": false,
        "line_number": 87
      },
      {
        "type": "Secret Keyword",
        "filename": "tests\\ccea\\phase4\\test_telemetry_buffer.py",
        "hashed_secret": "ab2bf873e7a77f787d5c8b53d196c659cd146497",
        "is_verified": false,
        "line_number": 88
      },
      {
        "type": "Secret Keyword",
        "filename": "tests\\ccea\\phase4\\test_telemetry_buffer.py",
        "hashed_secret": "aafdc23870ecbcd3d557b6423a8982134e17927e",
        "is_verified": false,
        "line_number": 89
      },
      {
        "type": "Secret Keyword",
        "filename": "tests\\ccea\\phase4\\test_telemetry_buffer.py",
        "hashed_secret": "e5e9fa1ba31ecd1ae84f75caaa474f3a663f05f4",
        "is_verified": false,
        "line_number": 118
      },
      {
        "type": "Secret Keyword",
        "filename": "tests\\ccea\\phase4\\test_telemetry_buffer.py",
        "hashed_secret": "a8751095006d4894966dbead81a3c960a3c785b6",
        "is_verified": false,
        "line_number": 524
      }
    ],
    "tests\\ccea\\phase5\\test_broker_protocol.py": [
      {
        "type": "Secret Keyword",
        "filename": "tests\\ccea\\phase5\\test_broker_protocol.py",
        "hashed_secret": "3acfb2c2b433c0ea7ff107e33df91b18e52f960f",
        "is_verified": false,
        "line_number": 125
      },
      {
        "type": "Secret Keyword",
        "filename": "tests\\ccea\\phase5\\test_broker_protocol.py",
        "hashed_secret": "fe1bae27cb7c1fb823f496f286e78f1d2ae87734",
        "is_verified": false,
        "line_number": 126
      },
      {
        "type": "Secret Keyword",
        "filename": "tests\\ccea\\phase5\\test_broker_protocol.py",
        "hashed_secret": "a94a8fe5ccb19ba61c4c0873d391e987982fbbd3",
        "is_verified": false,
        "line_number": 478
      }
    ],
    "tests\\ccea\\phase5\\test_kill_switch.py": [
      {
        "type": "Secret Keyword",
        "filename": "tests\\ccea\\phase5\\test_kill_switch.py",
        "hashed_secret": "f2b14f68eb995facb3a1c35287b778d5bd785511",
        "is_verified": false,
        "line_number": 84
      },
      {
        "type": "Secret Keyword",
        "filename": "tests\\ccea\\phase5\\test_kill_switch.py",
        "hashed_secret": "a761ce3a45d97e41840a788495e85a70d1bb3815",
        "is_verified": false,
        "line_number": 85
      },
      {
        "type": "Secret Keyword",
        "filename": "tests\\ccea\\phase5\\test_kill_switch.py",
        "hashed_secret": "e727d1464ae12436e899a726da5b2f11d8381b26",
        "is_verified": false,
        "line_number": 87
      }
    ],
    "tests\\ccea\\phase5\\test_telemetry_buffer.py": [
      {
        "type": "Secret Keyword",
        "filename": "tests\\ccea\\phase5\\test_telemetry_buffer.py",
        "hashed_secret": "f2b14f68eb995facb3a1c35287b778d5bd785511",
        "is_verified": false,
        "line_number": 84
      },
      {
        "type": "Secret Keyword",
        "filename": "tests\\ccea\\phase5\\test_telemetry_buffer.py",
        "hashed_secret": "a761ce3a45d97e41840a788495e85a70d1bb3815",
        "is_verified": false,
        "line_number": 85
      },
      {
        "type": "Secret Keyword",
        "filename": "tests\\ccea\\phase5\\test_telemetry_buffer.py",
        "hashed_secret": "e727d1464ae12436e899a726da5b2f11d8381b26",
        "is_verified": false,
        "line_number": 89
      }
    ],
    "tests\\ccea\\phase8\\test_dlp.py": [
      {
        "type": "AWS Access Key",
        "filename": "tests\\ccea\\phase8\\test_dlp.py",
        "hashed_secret": "25910f981e85ca04baf359199dd0bd4a3ae738b6",
        "is_verified": false,
        "line_number": 76
      },
      {
        "type": "Secret Keyword",
        "filename": "tests\\ccea\\phase8\\test_dlp.py",
        "hashed_secret": "b896dd230d5c37836807b89f239773b88a9630bf",
        "is_verified": false,
        "line_number": 76
      },
      {
        "type": "Private Key",
        "filename": "tests\\ccea\\phase8\\test_dlp.py",
        "hashed_secret": "1348b145fa1a555461c1b790a2f66614781091e9",
        "is_verified": false,
        "line_number": 84
      },
      {
        "type": "Secret Keyword",
        "filename": "tests\\ccea\\phase8\\test_dlp.py",
        "hashed_secret": "f2b14f68eb995facb3a1c35287b778d5bd785511",
        "is_verified": false,
        "line_number": 219
      },
      {
        "type": "Secret Keyword",
        "filename": "tests\\ccea\\phase8\\test_dlp.py",
        "hashed_secret": "6367c48dd193d56ea7b0baad25b19455e529f5ee",
        "is_verified": false,
        "line_number": 231
      },
      {
        "type": "Secret Keyword",
        "filename": "tests\\ccea\\phase8\\test_dlp.py",
        "hashed_secret": "e5e9fa1ba31ecd1ae84f75caaa474f3a663f05f4",
        "is_verified": false,
        "line_number": 269
      }
    ],
    "tests\\ccea\\phase8\\test_exporter.py": [
      {
        "type": "Secret Keyword",
        "filename": "tests\\ccea\\phase8\\test_exporter.py",
        "hashed_secret": "f32b67c7e26342af42efabc674d441dca0a281c5",
        "is_verified": false,
        "line_number": 207
      },
      {
        "type": "Secret Keyword",
        "filename": "tests\\ccea\\phase8\\test_exporter.py",
        "hashed_secret": "a79425d5dfc9cb6e5ed85fa44bf4d63d73e6a5b8",
        "is_verified": false,
        "line_number": 214
      },
      {
        "type": "Secret Keyword",
        "filename": "tests\\ccea\\phase8\\test_exporter.py",
        "hashed_secret": "905d125d12295c57e4de6eef7dda19f79557527d",
        "is_verified": false,
        "line_number": 227
      },
      {
        "type": "Secret Keyword",
        "filename": "tests\\ccea\\phase8\\test_exporter.py",
        "hashed_secret": "f2b14f68eb995facb3a1c35287b778d5bd785511",
        "is_verified": false,
        "line_number": 254
      }
    ],
    "tests\\ccea\\phase8\\test_level_manager.py": [
      {
        "type": "Secret Keyword",
        "filename": "tests\\ccea\\phase8\\test_level_manager.py",
        "hashed_secret": "e5e9fa1ba31ecd1ae84f75caaa474f3a663f05f4",
        "is_verified": false,
        "line_number": 301
      }
    ],
    "tests\\ccea\\phase8\\test_redaction.py": [
      {
        "type": "Secret Keyword",
        "filename": "tests\\ccea\\phase8\\test_redaction.py",
        "hashed_secret": "f2b14f68eb995facb3a1c35287b778d5bd785511",
        "is_verified": false,
        "line_number": 97
      },
      {
        "type": "Secret Keyword",
        "filename": "tests\\ccea\\phase8\\test_redaction.py",
        "hashed_secret": "ab2bf873e7a77f787d5c8b53d196c659cd146497",
        "is_verified": false,
        "line_number": 98
      },
      {
        "type": "Secret Keyword",
        "filename": "tests\\ccea\\phase8\\test_redaction.py",
        "hashed_secret": "1073ab6cda4b991cd29f9e83a307f34004ae9327",
        "is_verified": false,
        "line_number": 112
      },
      {
        "type": "Secret Keyword",
        "filename": "tests\\ccea\\phase8\\test_redaction.py",
        "hashed_secret": "87ba78e0f03afcef60657f342ec5567368fadd8c",
        "is_verified": false,
        "line_number": 113
      },
      {
        "type": "AWS Access Key",
        "filename": "tests\\ccea\\phase8\\test_redaction.py",
        "hashed_secret": "25910f981e85ca04baf359199dd0bd4a3ae738b6",
        "is_verified": false,
        "line_number": 191
      },
      {
        "type": "JSON Web Token",
        "filename": "tests\\ccea\\phase8\\test_redaction.py",
        "hashed_secret": "34c659f4df06118f5bc39edc355b4542851ad3f6",
        "is_verified": false,
        "line_number": 199
      },
      {
        "type": "Secret Keyword",
        "filename": "tests\\ccea\\phase8\\test_redaction.py",
        "hashed_secret": "ef07dc5f93e487d6459e09db35ecc2154cef9fcc",
        "is_verified": false,
        "line_number": 270
      },
      {
        "type": "Secret Keyword",
        "filename": "tests\\ccea\\phase8\\test_redaction.py",
        "hashed_secret": "00cafd126182e8a9e7c01bb2f0dfd00496be724f",
        "is_verified": false,
        "line_number": 284
      },
      {
        "type": "Secret Keyword",
        "filename": "tests\\ccea\\phase8\\test_redaction.py",
        "hashed_secret": "c636e8e238fd7af97e2e500f8c6f0f4c0bedafb0",
        "is_verified": false,
        "line_number": 285
      },
      {
        "type": "Secret Keyword",
        "filename": "tests\\ccea\\phase8\\test_redaction.py",
        "hashed_secret": "e5e9fa1ba31ecd1ae84f75caaa474f3a663f05f4",
        "is_verified": false,
        "line_number": 309
      },
      {
        "type": "Secret Keyword",
        "filename": "tests\\ccea\\phase8\\test_redaction.py",
        "hashed_secret": "752cb354d4d101b52581dc820d6fa3f29e87a776",
        "is_verified": false,
        "line_number": 338
      }
    ],
    "tests\\ccea\\phase9\\test_evidence_pack.py": [
      {
        "type": "Secret Keyword",
        "filename": "tests\\ccea\\phase9\\test_evidence_pack.py",
        "hashed_secret": "f2b14f68eb995facb3a1c35287b778d5bd785511",
        "is_verified": false,
        "line_number": 322
      },
      {
        "type": "Secret Keyword",
        "filename": "tests\\ccea\\phase9\\test_evidence_pack.py",
        "hashed_secret": "e48c47f1431afd3bb030deea266b4309e2228c5b",
        "is_verified": false,
        "line_number": 323
      },
      {
        "type": "Secret Keyword",
        "filename": "tests\\ccea\\phase9\\test_evidence_pack.py",
        "hashed_secret": "f32b67c7e26342af42efabc674d441dca0a281c5",
        "is_verified": false,
        "line_number": 346
      }
    ],
    "tests\\ccea\\test_agent_components.py": [
      {
        "type": "Secret Keyword",
        "filename": "tests\\ccea\\test_agent_components.py",
        "hashed_secret": "77ce3334b04919c1e9eada84605f85b732aa4dc0",
        "is_verified": false,
        "line_number": 116
      },
      {
        "type": "Secret Keyword",
        "filename": "tests\\ccea\\test_agent_components.py",
        "hashed_secret": "a8688f8393ef8b7910c587af2c8905f46d13b163",
        "is_verified": false,
        "line_number": 117
      }
    ],
    "tests\\ccea\\test_cloud_components.py": [
      {
        "type": "AWS Access Key",
        "filename": "tests\\ccea\\test_cloud_components.py",
        "hashed_secret": "25910f981e85ca04baf359199dd0bd4a3ae738b6",
        "is_verified": false,
        "line_number": 150
      },
      {
        "type": "Secret Keyword",
        "filename": "tests\\ccea\\test_cloud_components.py",
        "hashed_secret": "25910f981e85ca04baf359199dd0bd4a3ae738b6",
        "is_verified": false,
        "line_number": 150
      }
    ],
    "tests\\ccea\\test_crypto.py": [
      {
        "type": "Private Key",
        "filename": "tests\\ccea\\test_crypto.py",
        "hashed_secret": "1348b145fa1a555461c1b790a2f66614781091e9",
        "is_verified": false,
        "line_number": 89
      }
    ],
    "tests\\ccea\\test_e2e.py": [
      {
        "type": "Secret Keyword",
        "filename": "tests\\ccea\\test_e2e.py",
        "hashed_secret": "a8751095006d4894966dbead81a3c960a3c785b6",
        "is_verified": false,
        "line_number": 276
      },
      {
        "type": "Secret Keyword",
        "filename": "tests\\ccea\\test_e2e.py",
        "hashed_secret": "e5e9fa1ba31ecd1ae84f75caaa474f3a663f05f4",
        "is_verified": false,
        "line_number": 473
      }
    ],
    "tests\\ccea\\test_shared_contracts.py": [
      {
        "type": "Hex High Entropy String",
        "filename": "tests\\ccea\\test_shared_contracts.py",
        "hashed_secret": "ee662f2bc691daa48d074542722d8e1b0587673c",
        "is_verified": false,
        "line_number": 281
      }
    ],
    "tests\\ccea\\test_telemetry.py": [
      {
        "type": "Secret Keyword",
        "filename": "tests\\ccea\\test_telemetry.py",
        "hashed_secret": "f2b14f68eb995facb3a1c35287b778d5bd785511",
        "is_verified": false,
        "line_number": 60
      },
      {
        "type": "Secret Keyword",
        "filename": "tests\\ccea\\test_telemetry.py",
        "hashed_secret": "cd6bd383d4886c1345a9a3ed337407c16cddcce2",
        "is_verified": false,
        "line_number": 61
      },
      {
        "type": "Private Key",
        "filename": "tests\\ccea\\test_telemetry.py",
        "hashed_secret": "1348b145fa1a555461c1b790a2f66614781091e9",
        "is_verified": false,
        "line_number": 96
      },
      {
        "type": "Secret Keyword",
        "filename": "tests\\ccea\\test_telemetry.py",
        "hashed_secret": "8c90d101ded358c6e77da6a2c731540d33b97af5",
        "is_verified": false,
        "line_number": 108
      },
      {
        "type": "Secret Keyword",
        "filename": "tests\\ccea\\test_telemetry.py",
        "hashed_secret": "00cafd126182e8a9e7c01bb2f0dfd00496be724f",
        "is_verified": false,
        "line_number": 122
      },
      {
        "type": "Secret Keyword",
        "filename": "tests\\ccea\\test_telemetry.py",
        "hashed_secret": "c636e8e238fd7af97e2e500f8c6f0f4c0bedafb0",
        "is_verified": false,
        "line_number": 123
      },
      {
        "type": "Secret Keyword",
        "filename": "tests\\ccea\\test_telemetry.py",
        "hashed_secret": "e5e9fa1ba31ecd1ae84f75caaa474f3a663f05f4",
        "is_verified": false,
        "line_number": 174
      },
      {
        "type": "Secret Keyword",
        "filename": "tests\\ccea\\test_telemetry.py",
        "hashed_secret": "ffab203d7622e7b8123e99892a753a80788dad44",
        "is_verified": false,
        "line_number": 206
      }
    ],
    "tests\\cloud\\control_plane\\security\\test_dlp_scanner.py": [
      {
        "type": "Secret Keyword",
        "filename": "tests\\cloud\\control_plane\\security\\test_dlp_scanner.py",
        "hashed_secret": "6b115c62b136fb4d947b43aa44d04a6e7a64c431",
        "is_verified": false,
        "line_number": 49
      },
      {
        "type": "Secret Keyword",
        "filename": "tests\\cloud\\control_plane\\security\\test_dlp_scanner.py",
        "hashed_secret": "21dde79b804497e122f38dabc393f8e94f103ca6",
        "is_verified": false,
        "line_number": 63
      },
      {
        "type": "Secret Keyword",
        "filename": "tests\\cloud\\control_plane\\security\\test_dlp_scanner.py",
        "hashed_secret": "0ed76a021de7de59ede95fd00b2798ec8f50fcb9",
        "is_verified": false,
        "line_number": 77
      },
      {
        "type": "Secret Keyword",
        "filename": "tests\\cloud\\control_plane\\security\\test_dlp_scanner.py",
        "hashed_secret": "2bf8dd26dfc027db5979fc74250b9abd7fc2eec3",
        "is_verified": false,
        "line_number": 90
      },
      {
        "type": "Secret Keyword",
        "filename": "tests\\cloud\\control_plane\\security\\test_dlp_scanner.py",
        "hashed_secret": "1cf4c502ddd89b918c4bfefea76dadd590693b48",
        "is_verified": false,
        "line_number": 101
      },
      {
        "type": "Private Key",
        "filename": "tests\\cloud\\control_plane\\security\\test_dlp_scanner.py",
        "hashed_secret": "be4fc4886bd949b369d5e092eb87494f12e57e5b",
        "is_verified": false,
        "line_number": 113
      },
      {
        "type": "JSON Web Token",
        "filename": "tests\\cloud\\control_plane\\security\\test_dlp_scanner.py",
        "hashed_secret": "d6b66ddd9ea7dbe760114bfe9a97352a5e139134",
        "is_verified": false,
        "line_number": 136
      },
      {
        "type": "Basic Auth Credentials",
        "filename": "tests\\cloud\\control_plane\\security\\test_dlp_scanner.py",
        "hashed_secret": "5baa61e4c9b93f3f0682250b6cf8331b7ee68fd8",
        "is_verified": false,
        "line_number": 150
      },
      {
        "type": "AWS Access Key",
        "filename": "tests\\cloud\\control_plane\\security\\test_dlp_scanner.py",
        "hashed_secret": "25910f981e85ca04baf359199dd0bd4a3ae738b6",
        "is_verified": false,
        "line_number": 162
      },
      {
        "type": "Secret Keyword",
        "filename": "tests\\cloud\\control_plane\\security\\test_dlp_scanner.py",
        "hashed_secret": "f2b14f68eb995facb3a1c35287b778d5bd785511",
        "is_verified": false,
        "line_number": 175
      },
      {
        "type": "Secret Keyword",
        "filename": "tests\\cloud\\control_plane\\security\\test_dlp_scanner.py",
        "hashed_secret": "a761ce3a45d97e41840a788495e85a70d1bb3815",
        "is_verified": false,
        "line_number": 176
      },
      {
        "type": "Secret Keyword",
        "filename": "tests\\cloud\\control_plane\\security\\test_dlp_scanner.py",
        "hashed_secret": "f0578f1e7174b1a41c4ea8c6e17f7a8a3b88c92a",
        "is_verified": false,
        "line_number": 193
      },
      {
        "type": "Secret Keyword",
        "filename": "tests\\cloud\\control_plane\\security\\test_dlp_scanner.py",
        "hashed_secret": "8be52126a6fde450a7162a3651d589bb51e9579d",
        "is_verified": false,
        "line_number": 194
      },
      {
        "type": "Secret Keyword",
        "filename": "tests\\cloud\\control_plane\\security\\test_dlp_scanner.py",
        "hashed_secret": "e5e9fa1ba31ecd1ae84f75caaa474f3a663f05f4",
        "is_verified": false,
        "line_number": 208
      },
      {
        "type": "Secret Keyword",
        "filename": "tests\\cloud\\control_plane\\security\\test_dlp_scanner.py",
        "hashed_secret": "b3007bb70b24c0fac08b4d3115f08052e44a89b4",
        "is_verified": false,
        "line_number": 348
      },
      {
        "type": "Secret Keyword",
        "filename": "tests\\cloud\\control_plane\\security\\test_dlp_scanner.py",
        "hashed_secret": "e6011ab4bb68b99b7536f5625470bf7bb35ac270",
        "is_verified": false,
        "line_number": 349
      },
      {
        "type": "Secret Keyword",
        "filename": "tests\\cloud\\control_plane\\security\\test_dlp_scanner.py",
        "hashed_secret": "78b69ac9c71172bdebf5576a845a7196361cdcc6",
        "is_verified": false,
        "line_number": 366
      }
    ],
    "tests\\cloud\\control_plane\\security\\test_password_hasher.py": [
      {
        "type": "Secret Keyword",
        "filename": "tests\\cloud\\control_plane\\security\\test_password_hasher.py",
        "hashed_secret": "c18006fc138809314751cd1991f1e0b820fabd37",
        "is_verified": false,
        "line_number": 36
      },
      {
        "type": "Secret Keyword",
        "filename": "tests\\cloud\\control_plane\\security\\test_password_hasher.py",
        "hashed_secret": "de2467b5425c6fb3ef586e4d927c07b74e889ae6",
        "is_verified": false,
        "line_number": 52
      },
      {
        "type": "Secret Keyword",
        "filename": "tests\\cloud\\control_plane\\security\\test_password_hasher.py",
        "hashed_secret": "d70096d14b69c6ea614123cf0fdc1336a7559c54",
        "is_verified": false,
        "line_number": 76
      },
      {
        "type": "Secret Keyword",
        "filename": "tests\\cloud\\control_plane\\security\\test_password_hasher.py",
        "hashed_secret": "fb47035803a93e720cd9209dd885770a83de1265",
        "is_verified": false,
        "line_number": 114
      }
    ],
    "tests\\conftest_forex.py": [
      {
        "type": "Secret Keyword",
        "filename": "tests\\conftest_forex.py",
        "hashed_secret": "74ba31d41223751c75cc0a453dd7df04889bdc72",
        "is_verified": false,
        "line_number": 40
      },
      {
        "type": "Secret Keyword",
        "filename": "tests\\conftest_forex.py",
        "hashed_secret": "2f8360adf306e7b1fe66891ad87efb937763d363",
        "is_verified": false,
        "line_number": 52
      }
    ],
    "tests\\core\\test_audit_models.py": [
      {
        "type": "Hex High Entropy String",
        "filename": "tests\\core\\test_audit_models.py",
        "hashed_secret": "90bd1b48e958257948487b90bee080ba5ed00caa",
        "is_verified": false,
        "line_number": 444
      }
    ],
    "tests\\dora_integration\\sharing\\test_information_sharing.py": [
      {
        "type": "Hex High Entropy String",
        "filename": "tests\\dora_integration\\sharing\\test_information_sharing.py",
        "hashed_secret": "90bd1b48e958257948487b90bee080ba5ed00caa",
        "is_verified": false,
        "line_number": 134
      }
    ],
    "tests\\enterprise\\test_siem_export.py": [
      {
        "type": "Secret Keyword",
        "filename": "tests\\enterprise\\test_siem_export.py",
        "hashed_secret": "2e7a7ee14caebf378fc32d6cf6f557f347c96773",
        "is_verified": false,
        "line_number": 116
      },
      {
        "type": "Secret Keyword",
        "filename": "tests\\enterprise\\test_siem_export.py",
        "hashed_secret": "3acfb2c2b433c0ea7ff107e33df91b18e52f960f",
        "is_verified": false,
        "line_number": 405
      },
      {
        "type": "Secret Keyword",
        "filename": "tests\\enterprise\\test_siem_export.py",
        "hashed_secret": "e5e9fa1ba31ecd1ae84f75caaa474f3a663f05f4",
        "is_verified": false,
        "line_number": 415
      }
    ],
    "tests\\phase3\\test_phase3_supply_chain.py": [
      {
        "type": "Hex High Entropy String",
        "filename": "tests\\phase3\\test_phase3_supply_chain.py",
        "hashed_secret": "90bd1b48e958257948487b90bee080ba5ed00caa",
        "is_verified": false,
        "line_number": 847
      }
    ],
    "tests\\test_adapters_config_validation.py": [
      {
        "type": "Secret Keyword",
        "filename": "tests\\test_adapters_config_validation.py",
        "hashed_secret": "83ff9f4e0d16d61727cbdf47d769fb707b652217",
        "is_verified": false,
        "line_number": 522
      },
      {
        "type": "Secret Keyword",
        "filename": "tests\\test_adapters_config_validation.py",
        "hashed_secret": "43dcd3aa0e5921ef4e5eb357d13c83ee4ce47ae8",
        "is_verified": false,
        "line_number": 523
      },
      {
        "type": "Secret Keyword",
        "filename": "tests\\test_adapters_config_validation.py",
        "hashed_secret": "8bf084b638e6bfd260d6f4a03971ad1ba9d019bf",
        "is_verified": false,
        "line_number": 541
      },
      {
        "type": "Secret Keyword",
        "filename": "tests\\test_adapters_config_validation.py",
        "hashed_secret": "4b26a1e225c060b50e8323f5fe3d876c1b68f2b5",
        "is_verified": false,
        "line_number": 542
      },
      {
        "type": "Secret Keyword",
        "filename": "tests\\test_adapters_config_validation.py",
        "hashed_secret": "98360beafeae6a09218409287096170bf5ff36a3",
        "is_verified": false,
        "line_number": 581
      }
    ],
    "tests\\test_alpaca_adapters.py": [
      {
        "type": "Secret Keyword",
        "filename": "tests\\test_alpaca_adapters.py",
        "hashed_secret": "00942f4668670f34c5943cf52c7ef3139fe2b8d6",
        "is_verified": false,
        "line_number": 25
      },
      {
        "type": "Secret Keyword",
        "filename": "tests\\test_alpaca_adapters.py",
        "hashed_secret": "72cb70dbbafe97e5ea13ad88acd65d08389439b0",
        "is_verified": false,
        "line_number": 26
      },
      {
        "type": "Secret Keyword",
        "filename": "tests\\test_alpaca_adapters.py",
        "hashed_secret": "a94a8fe5ccb19ba61c4c0873d391e987982fbbd3",
        "is_verified": false,
        "line_number": 470
      }
    ],
    "tests\\test_binance_spot_execution.py": [
      {
        "type": "AWS Access Key",
        "filename": "tests\\test_binance_spot_execution.py",
        "hashed_secret": "ea6e9592bbad9db11911c3b1a25befbfaa54aa46",
        "is_verified": false,
        "line_number": 282
      }
    ],
    "tests\\test_deribit_options.py": [
      {
        "type": "Secret Keyword",
        "filename": "tests\\test_deribit_options.py",
        "hashed_secret": "72cb70dbbafe97e5ea13ad88acd65d08389439b0",
        "is_verified": false,
        "line_number": 1297
      }
    ],
    "tests\\test_design_doc_phase12_compliance.py": [
      {
        "type": "Secret Keyword",
        "filename": "tests\\test_design_doc_phase12_compliance.py",
        "hashed_secret": "f2b14f68eb995facb3a1c35287b778d5bd785511",
        "is_verified": false,
        "line_number": 99
      },
      {
        "type": "Secret Keyword",
        "filename": "tests\\test_design_doc_phase12_compliance.py",
        "hashed_secret": "ff37a98a9963d347e9749a5c1b3936a4a245a6ff",
        "is_verified": false,
        "line_number": 100
      },
      {
        "type": "Secret Keyword",
        "filename": "tests\\test_design_doc_phase12_compliance.py",
        "hashed_secret": "f05d00c172e3892811a9b067acc942a087e6f941",
        "is_verified": false,
        "line_number": 102
      }
    ],
    "tests\\test_desktop_e2e.py": [
      {
        "type": "Secret Keyword",
        "filename": "tests\\test_desktop_e2e.py",
        "hashed_secret": "631a0d6c3813ee3a11e19b0a37a10ad75bbe8a0c",
        "is_verified": false,
        "line_number": 165
      }
    ],
    "tests\\test_fees_account_info.py": [
      {
        "type": "Secret Keyword",
        "filename": "tests\\test_fees_account_info.py",
        "hashed_secret": "a62f2225bf70bfaccbc7f1ef2a397836717377de",
        "is_verified": false,
        "line_number": 22
      },
      {
        "type": "Secret Keyword",
        "filename": "tests\\test_fees_account_info.py",
        "hashed_secret": "e5e9fa1ba31ecd1ae84f75caaa474f3a663f05f4",
        "is_verified": false,
        "line_number": 23
      }
    ],
    "tests\\test_forex_phase7_data_pipeline.py": [
      {
        "type": "Secret Keyword",
        "filename": "tests\\test_forex_phase7_data_pipeline.py",
        "hashed_secret": "00942f4668670f34c5943cf52c7ef3139fe2b8d6",
        "is_verified": false,
        "line_number": 840
      }
    ],
    "tests\\test_forex_realtime_swaps.py": [
      {
        "type": "Secret Keyword",
        "filename": "tests\\test_forex_realtime_swaps.py",
        "hashed_secret": "00942f4668670f34c5943cf52c7ef3139fe2b8d6",
        "is_verified": false,
        "line_number": 651
      }
    ],
    "tests\\test_futures_adapters.py": [
      {
        "type": "Secret Keyword",
        "filename": "tests\\test_futures_adapters.py",
        "hashed_secret": "00942f4668670f34c5943cf52c7ef3139fe2b8d6",
        "is_verified": false,
        "line_number": 547
      },
      {
        "type": "Secret Keyword",
        "filename": "tests\\test_futures_adapters.py",
        "hashed_secret": "72cb70dbbafe97e5ea13ad88acd65d08389439b0",
        "is_verified": false,
        "line_number": 550
      },
      {
        "type": "Secret Keyword",
        "filename": "tests\\test_futures_adapters.py",
        "hashed_secret": "a94a8fe5ccb19ba61c4c0873d391e987982fbbd3",
        "is_verified": false,
        "line_number": 637
      }
    ],
    "tests\\test_gdpr_deletion.py": [
      {
        "type": "Secret Keyword",
        "filename": "tests\\test_gdpr_deletion.py",
        "hashed_secret": "f7a75342741955b2b9b66b55a78e5061f321ff44",
        "is_verified": false,
        "line_number": 327
      }
    ],
    "tests\\test_l3_stock_features.py": [
      {
        "type": "Secret Keyword",
        "filename": "tests\\test_l3_stock_features.py",
        "hashed_secret": "00942f4668670f34c5943cf52c7ef3139fe2b8d6",
        "is_verified": false,
        "line_number": 78
      },
      {
        "type": "Secret Keyword",
        "filename": "tests\\test_l3_stock_features.py",
        "hashed_secret": "72cb70dbbafe97e5ea13ad88acd65d08389439b0",
        "is_verified": false,
        "line_number": 79
      }
    ],
    "tests\\test_lob_calibration_pipeline.py": [
      {
        "type": "Secret Keyword",
        "filename": "tests\\test_lob_calibration_pipeline.py",
        "hashed_secret": "00942f4668670f34c5943cf52c7ef3139fe2b8d6",
        "is_verified": false,
        "line_number": 1008
      },
      {
        "type": "Secret Keyword",
        "filename": "tests\\test_lob_calibration_pipeline.py",
        "hashed_secret": "72cb70dbbafe97e5ea13ad88acd65d08389439b0",
        "is_verified": false,
        "line_number": 1009
      }
    ],
    "tests\\test_lob_data_adapters.py": [
      {
        "type": "Secret Keyword",
        "filename": "tests\\test_lob_data_adapters.py",
        "hashed_secret": "00942f4668670f34c5943cf52c7ef3139fe2b8d6",
        "is_verified": false,
        "line_number": 873
      }
    ],
    "tests\\test_oanda_adapters.py": [
      {
        "type": "Secret Keyword",
        "filename": "tests\\test_oanda_adapters.py",
        "hashed_secret": "767ef7376d44bb6e52b390ddcd12c1cb1b3902a4",
        "is_verified": false,
        "line_number": 88
      },
      {
        "type": "Secret Keyword",
        "filename": "tests\\test_oanda_adapters.py",
        "hashed_secret": "00942f4668670f34c5943cf52c7ef3139fe2b8d6",
        "is_verified": false,
        "line_number": 869
      }
    ],
    "tests\\test_polygon_adapters.py": [
      {
        "type": "Secret Keyword",
        "filename": "tests\\test_polygon_adapters.py",
        "hashed_secret": "00942f4668670f34c5943cf52c7ef3139fe2b8d6",
        "is_verified": false,
        "line_number": 105
      },
      {
        "type": "Secret Keyword",
        "filename": "tests\\test_polygon_adapters.py",
        "hashed_secret": "26489c99ddbb4c91631ef5cc7912aeefd4ffd88c",
        "is_verified": false,
        "line_number": 123
      },
      {
        "type": "Secret Keyword",
        "filename": "tests\\test_polygon_adapters.py",
        "hashed_secret": "0b8d37ac0768fc1fc701b0c5e8d2af6d3cb3856b",
        "is_verified": false,
        "line_number": 561
      }
    ],
    "tests\\test_secure_logging.py": [
      {
        "type": "Secret Keyword",
        "filename": "tests\\test_secure_logging.py",
        "hashed_secret": "75e30c10d6993d112a3796c3ab08e5a5d17b93fd",
        "is_verified": false,
        "line_number": 59
      },
      {
        "type": "Hex High Entropy String",
        "filename": "tests\\test_secure_logging.py",
        "hashed_secret": "345f4626d33e1dbc008495c8cf0952e86ff9652a",
        "is_verified": false,
        "line_number": 85
      },
      {
        "type": "Secret Keyword",
        "filename": "tests\\test_secure_logging.py",
        "hashed_secret": "740bfb073f35d92056b5193c9112a1766afd97ba",
        "is_verified": false,
        "line_number": 96
      },
      {
        "type": "Secret Keyword",
        "filename": "tests\\test_secure_logging.py",
        "hashed_secret": "cbba2ca91d1b5e293a70d99700caa9d6045a2752",
        "is_verified": false,
        "line_number": 142
      },
      {
        "type": "Secret Keyword",
        "filename": "tests\\test_secure_logging.py",
        "hashed_secret": "78a7219df81e5a5aa66cebdf8eece05f297b07db",
        "is_verified": false,
        "line_number": 149
      },
      {
        "type": "Secret Keyword",
        "filename": "tests\\test_secure_logging.py",
        "hashed_secret": "1cf4c502ddd89b918c4bfefea76dadd590693b48",
        "is_verified": false,
        "line_number": 156
      },
      {
        "type": "Secret Keyword",
        "filename": "tests\\test_secure_logging.py",
        "hashed_secret": "07af36c8b0dcfc430305c6adb4de9ea242051d09",
        "is_verified": false,
        "line_number": 169
      },
      {
        "type": "Secret Keyword",
        "filename": "tests\\test_secure_logging.py",
        "hashed_secret": "1b3e961546a3a41d1e6054e9bcd934851b8cb1a5",
        "is_verified": false,
        "line_number": 176
      },
      {
        "type": "Secret Keyword",
        "filename": "tests\\test_secure_logging.py",
        "hashed_secret": "47dbe07b6138bd229397d15340393ed1edf70e0f",
        "is_verified": false,
        "line_number": 184
      },
      {
        "type": "Secret Keyword",
        "filename": "tests\\test_secure_logging.py",
        "hashed_secret": "a165ef294db8b1a579d79e7371e0bc2934cbed36",
        "is_verified": false,
        "line_number": 185
      },
      {
        "type": "Secret Keyword",
        "filename": "tests\\test_secure_logging.py",
        "hashed_secret": "8ac50c5488d374272ceea54ff10906f41f5be9bc",
        "is_verified": false,
        "line_number": 195
      },
      {
        "type": "Secret Keyword",
        "filename": "tests\\test_secure_logging.py",
        "hashed_secret": "a0f4ea7d91495df92bbac2e2149dfb850fe81396",
        "is_verified": false,
        "line_number": 438
      },
      {
        "type": "Secret Keyword",
        "filename": "tests\\test_secure_logging.py",
        "hashed_secret": "20015ca68ab522e63da473bf0a7f1812712d18d8",
        "is_verified": false,
        "line_number": 447
      },
      {
        "type": "Secret Keyword",
        "filename": "tests\\test_secure_logging.py",
        "hashed_secret": "fa9beb99e4029ad5a6615399e7bbae21356086b3",
        "is_verified": false,
        "line_number": 457
      },
      {
        "type": "Secret Keyword",
        "filename": "tests\\test_secure_logging.py",
        "hashed_secret": "3acc25c5503f5c16bd04ec7c30df7ff5c1310047",
        "is_verified": false,
        "line_number": 514
      },
      {
        "type": "Secret Keyword",
        "filename": "tests\\test_secure_logging.py",
        "hashed_secret": "e5bc487bf2f0de72a67a3b5a295896149fcca653",
        "is_verified": false,
        "line_number": 515
      },
      {
        "type": "Secret Keyword",
        "filename": "tests\\test_secure_logging.py",
        "hashed_secret": "6d021d8cac76879818f8d75fabb16ca89f722a35",
        "is_verified": false,
        "line_number": 544
      },
      {
        "type": "Secret Keyword",
        "filename": "tests\\test_secure_logging.py",
        "hashed_secret": "8661c72d788370387a2039ab6fa9e225d26c8233",
        "is_verified": false,
        "line_number": 564
      }
    ],
    "tests\\test_services_signal_bus.py": [
      {
        "type": "Secret Keyword",
        "filename": "tests\\test_services_signal_bus.py",
        "hashed_secret": "72cb70dbbafe97e5ea13ad88acd65d08389439b0",
        "is_verified": false,
        "line_number": 85
      }
    ],
    "tests\\test_stock_integration_phase2.py": [
      {
        "type": "Secret Keyword",
        "filename": "tests\\test_stock_integration_phase2.py",
        "hashed_secret": "a94a8fe5ccb19ba61c4c0873d391e987982fbbd3",
        "is_verified": false,
        "line_number": 412
      }
    ],
    "tests\\test_stocks_e2e.py": [
      {
        "type": "Secret Keyword",
        "filename": "tests\\test_stocks_e2e.py",
        "hashed_secret": "00942f4668670f34c5943cf52c7ef3139fe2b8d6",
        "is_verified": false,
        "line_number": 154
      },
      {
        "type": "Secret Keyword",
        "filename": "tests\\test_stocks_e2e.py",
        "hashed_secret": "72cb70dbbafe97e5ea13ad88acd65d08389439b0",
        "is_verified": false,
        "line_number": 155
      }
    ],
    "tests\\test_web3_custody.py": [
      {
        "type": "Secret Keyword",
        "filename": "tests\\test_web3_custody.py",
        "hashed_secret": "5deaaab6bbab29c4c82013d9d1a751cb2e3d496d",
        "is_verified": false,
        "line_number": 175
      }
    ],
    "tests\\test_websocket_base.py": [
      {
        "type": "Secret Keyword",
        "filename": "tests\\test_websocket_base.py",
        "hashed_secret": "00942f4668670f34c5943cf52c7ef3139fe2b8d6",
        "is_verified": false,
        "line_number": 58
      },
      {
        "type": "Secret Keyword",
        "filename": "tests\\test_websocket_base.py",
        "hashed_secret": "72cb70dbbafe97e5ea13ad88acd65d08389439b0",
        "is_verified": false,
        "line_number": 59
      }
    ]
  },
  "generated_at": "2026-09-07T05:41:50Z"
}
